
> harem_dashboard@0.1.0 build
> next build

Ôû▓ Next.js 16.1.6 (Turbopack)

  Creating an optimized production build ...
Ô£ô Compiled successfully in 8.7s
  Running TypeScript ...
node.exe : Failed to compile.
At line:1 char:1
+ & "C:\Program Files\nodejs/node.exe" 
"C:\Users\Mohammad Al Amin\AppDa ...
+ ~~~~~~~~~~~~~~~~~~~~~~~~~~~~~~~~~~~~~~~
~~~~~~~~~~~~~~~~~~~~~~~~~~~~~~
    + CategoryInfo          : NotSpecifi 
   ed: (Failed to compile.:String) [],   
  RemoteException
    + FullyQualifiedErrorId : NativeComm 
   andError
 

./src/components/salon-owner/dashboard/ch
eckout/DashbordCheckoutContent.tsx:60:53
Type error: Operator '+' cannot be 
applied to types 'number' and 'string | 
number'.

[0m [90m 58 |[39m   [36mconst[39m 
[showSuccessModal[33m,[39m 
setShowSuccessModal] [33m=[39m 
useState([36mfalse[39m)[33m;[39m
 [90m 59 |[39m
[31m[1m>[22m[39m[90m 60 |[39m   
[36mconst[39m total [33m=[39m selecte
dServices[33m.[39mreduce((sum[33m,[39
m s) [33m=>[39m sum [33m+[39m 
s[33m.[39mprice[33m,[39m 
[35m0[39m)[33m;[39m
 [90m    |[39m                         
                            
[31m[1m^[22m[39m
 [90m 61 |[39m
 [90m 62 |[39m   [36mreturn[39m (
 [90m 63 |[39m     
[33m<[39m[33mdiv[39m 
className[33m=[39m[32m"min-h-screen 
bg-[#F4F6FA] font-manrope flex 
flex-col"[39m[33m>[39m[0m
Next.js build worker exited with code: 1 
and signal: null
